// Jest Snapshot v1, https://goo.gl/fbAQLP

exports[`Seaport gas fulfillAdvancedOrder 1`] = `
Object {
  "calldataByteLength": 2052,
  "gasUsed": 200753,
}
`;

exports[`Seaport gas fulfillAvailableAdvancedOrders 1 orders 1`] = `
Object {
  "calldataByteLength": 4708,
  "gasUsed": 332703,
}
`;

exports[`Seaport gas fulfillOrder 1`] = `
Object {
  "calldataByteLength": 1796,
  "gasUsed": 194616,
}
`;
