// Jest Snapshot v1, https://goo.gl/fbAQLP

exports[`UniversalRouter Gas Tests gas: bytecode size 1`] = `17374`;

exports[`UniversalRouter Gas Tests trading for NFTs gas: ERC20 --> ETH --> Seaport NFT 1`] = `
Object {
  "calldataByteLength": 2468,
  "gasUsed": 252730,
}
`;

exports[`UniversalRouter Gas Tests trading for NFTs gas: ETH --> Seaport NFT 1`] = `
Object {
  "calldataByteLength": 2020,
  "gasUsed": 152024,
}
`;

exports[`UniversalRouter Gas Tests trading for NFTs gas: WETH --> ETH --> Seaport NFT 1`] = `
Object {
  "calldataByteLength": 2308,
  "gasUsed": 186767,
}
`;
