// Jest Snapshot v1, https://goo.gl/fbAQLP

exports[`Uniswap UX Tests gas: Approvals Cost for infinite approval of permit2/swaprouter02 contract 1`] = `
Object {
  "calldataByteLength": 68,
  "gasUsed": 55846,
}
`;

exports[`Uniswap UX Tests gas: Comparisons Casual Swapper - 3 swaps Permit2 Max Approval Swap 1`] = `2121313`;

exports[`Uniswap UX Tests gas: Comparisons Casual Swapper - 3 swaps Permit2 Sign Per Swap 1`] = `2155745`;

exports[`Uniswap UX Tests gas: Comparisons Casual Swapper - 3 swaps SwapRouter02 1`] = `1134420`;

exports[`Uniswap UX Tests gas: Comparisons Frequent Swapper - 10 swaps Permit2 Max Approval Swap 1`] = `4374775`;

exports[`Uniswap UX Tests gas: Comparisons Frequent Swapper - 10 swaps Permit2 Sign Per Swap 1`] = `4528409`;

exports[`Uniswap UX Tests gas: Comparisons Frequent Swapper - 10 swaps SwapRouter02 1`] = `3222565`;

exports[`Uniswap UX Tests gas: Comparisons Frequent Swapper across 3 swap router versions - 15 swaps across 3 versions Permit2 Max Approval Swap 1`] = `5466861`;

exports[`Uniswap UX Tests gas: Comparisons Frequent Swapper across 3 swap router versions - 15 swaps across 3 versions Permit2 Sign Per Swap 1`] = `5670935`;

exports[`Uniswap UX Tests gas: Comparisons Frequent Swapper across 3 swap router versions - 15 swaps across 3 versions SwapRouter02 1`] = `4319959`;

exports[`Uniswap UX Tests gas: Comparisons One Time Swapper - Complex Swap Permit2 Max Approval Swap 1`] = `764321`;

exports[`Uniswap UX Tests gas: Comparisons One Time Swapper - Complex Swap Permit2 Sign Per Swap 1`] = `764651`;

exports[`Uniswap UX Tests gas: Comparisons One Time Swapper - Complex Swap SwapRouter02 1`] = `508965`;

exports[`Uniswap UX Tests gas: Comparisons One Time Swapper - Simple Swap Permit2 Max Approval Swap 1`] = `411835`;

exports[`Uniswap UX Tests gas: Comparisons One Time Swapper - Simple Swap Permit2 Sign Per Swap 1`] = `411783`;

exports[`Uniswap UX Tests gas: Comparisons One Time Swapper - Simple Swap SwapRouter02 1`] = `270308`;
